2026-01-05 11:00:11,788 - INFO - Migrated scores table: added age column
2026-01-05 11:00:11,810 - INFO - Question bank schema ensured
2026-01-05 11:00:41,227 - INFO - Question bank schema ensured
2026-01-05 11:02:21,710 - INFO - Migrated scores table: added age column
2026-01-05 11:02:21,731 - INFO - Question bank schema ensured
2026-01-05 11:29:58,067 [INFO] User started exam: Aleena, age_group=adult
2026-01-05 11:33:40,603 - INFO - Application started
2026-01-05 11:33:40,611 - INFO - Loaded 100 questions from DB
2026-01-05 11:33:48,984 - INFO - Session started | user=Aleena | age=21 | age_group=adult
2026-01-05 11:35:38,850 - INFO - Application started
2026-01-05 11:35:38,853 - INFO - Loaded 10 questions from DB
2026-01-05 11:36:03,413 - INFO - Session started | user=Aleena asd | age=11 | age_group=child
2026-01-05 14:04:58,063 - INFO - Application started
2026-01-05 14:04:58,073 - INFO - Loaded 10 questions from DB
2026-01-05 14:21:56,888 - INFO - Application started
2026-01-05 14:21:56,890 - INFO - Loaded 10 questions from DB
2026-01-05 14:22:04,848 - INFO - Session started | user=asdasd | age=12 | age_group=child
2026-01-06 21:11:01,454 - INFO - Application started
2026-01-06 21:11:01,457 - INFO - Loaded 10 questions from DB
2026-01-06 21:11:20,873 - INFO - Session started | user=Anushka | age=8 | age_group=child
2026-01-06 22:01:52,790 - INFO - Application started
2026-01-06 22:01:52,815 - INFO - Loaded 10 questions from DB
2026-01-06 22:11:01,038 - INFO - Application started
2026-01-06 22:11:01,048 - INFO - Loaded 10 questions from DB
2026-01-06 22:11:25,414 - INFO - Session started | user=Anushka | age=18 | education=Undergraduate | age_group=adult
2026-01-06 22:11:37,806 - INFO - Application started
2026-01-06 22:11:37,808 - INFO - Loaded 10 questions from DB
2026-01-06 22:11:54,301 - INFO - Application started
2026-01-06 22:11:54,303 - INFO - Loaded 10 questions from DB
2026-01-06 22:17:24,871 - INFO - Application started
2026-01-06 22:17:24,889 - INFO - Loaded 10 questions from DB
2026-01-06 22:18:05,783 - INFO - Application started
2026-01-06 22:18:05,785 - INFO - Loaded 10 questions from DB
2026-01-06 22:18:29,010 - INFO - Application started
2026-01-06 22:18:29,012 - INFO - Loaded 10 questions from DB
2026-01-06 22:18:41,262 - INFO - Session started | user=Anushka | age=19 | education=Undergraduate | age_group=adult
2026-01-06 22:18:51,054 - INFO - Application started
2026-01-06 22:18:51,056 - INFO - Loaded 10 questions from DB
2026-01-06 22:58:03,368 - INFO - Application started
2026-01-06 22:58:38,346 - INFO - Session started | user=hi | age=19 | education=Undergraduate | age_group=adult
2026-01-06 22:59:54,203 - INFO - Application started
2026-01-06 23:00:03,582 - INFO - Application started
2026-01-06 23:00:18,783 - INFO - Application started
2026-01-07 01:01:33,460 - INFO - Application started
2026-01-07 01:01:33,468 - INFO - Migrating scores table: adding detailed_age_group column
2026-01-07 01:01:33,472 - INFO - Migrating responses table: adding detailed_age_group column
2026-01-07 01:02:04,174 - INFO - Session started | user=Anu | age=18 | education=Undergraduate | age_group=adult
2026-01-07 01:06:38,223 - INFO - Application started
2026-01-07 01:07:28,100 - INFO - Application started
2026-01-07 01:07:39,563 - INFO - Session started | user=Anushka | age=18 | education=Postgraduate | age_group=adult
2026-01-07 01:07:43,565 - INFO - User returned to home screen during test
2026-01-07 01:07:53,051 - INFO - Session started | user=Anu | age=18 | education=Postgraduate | age_group=adult
2026-01-07 08:40:03,604 - INFO - Application started
2026-01-07 08:40:43,219 - INFO - Session started | user=GOPI | age=21 | education=Undergraduate | age_group=adult
2026-01-07 08:46:33,737 - INFO - Application started
2026-01-07 08:46:33,739 - INFO - Migrating scores table: adding user_id column
2026-01-07 08:46:33,746 - INFO - Migrating responses table: adding user_id column
2026-01-07 08:47:02,579 - INFO - User logged in: DGC
2026-01-07 08:47:23,625 - INFO - Session started | user=DGC | age=21 | education=Undergraduate | age_group=adult
2026-01-07 21:33:41,767 - INFO - Application started
2026-01-07 21:34:47,542 - INFO - User logged in: madhuri
2026-01-07 21:35:01,484 - INFO - Session started | user=madhur | age=19 | education=Undergraduate | age_group=adult
2026-01-08 13:17:25,130 - root - INFO - Logging initialized.
2026-01-08 13:17:25,131 - root - INFO - Application started
2026-01-08 13:17:25,137 - app.questions - ERROR - Failed to load questions: Failed to fetch questions from DB.
2026-01-08 13:17:25,137 - root - ERROR - Fatal Error: Question bank could not be loaded.
The application cannot start. | Error: Failed to fetch questions from DB.
Traceback (most recent call last):
  File "C:\Users\neeru\OneDrive\Desktop\soulsense\SOUL_SENSE_EXAM\venv\lib\site-packages\sqlalchemy\engine\result.py", line 199, in _key_not_found
    self._key_fallback(key, None)
  File "C:\Users\neeru\OneDrive\Desktop\soulsense\SOUL_SENSE_EXAM\venv\lib\site-packages\sqlalchemy\engine\result.py", line 138, in _key_fallback
    raise KeyError(key) from err
KeyError: 'min_age'

The above exception was the direct cause of the following exception:

Traceback (most recent call last):
  File "C:\Users\neeru\OneDrive\Desktop\soulsense\SOUL_SENSE_EXAM\app\questions.py", line 134, in _get_cached_questions_from_db
    rows = [(q.id, q.question_text, q.tooltip, q.min_age, q.max_age) for q in questions]
  File "C:\Users\neeru\OneDrive\Desktop\soulsense\SOUL_SENSE_EXAM\app\questions.py", line 134, in <listcomp>
    rows = [(q.id, q.question_text, q.tooltip, q.min_age, q.max_age) for q in questions]
  File "lib/sqlalchemy/cyextension/resultproxy.pyx", line 66, in sqlalchemy.cyextension.resultproxy.BaseRow.__getattr__
  File "lib/sqlalchemy/cyextension/resultproxy.pyx", line 63, in sqlalchemy.cyextension.resultproxy.BaseRow._get_by_key_impl
  File "C:\Users\neeru\OneDrive\Desktop\soulsense\SOUL_SENSE_EXAM\venv\lib\site-packages\sqlalchemy\engine\result.py", line 201, in _key_not_found
    raise AttributeError(ke.args[0]) from ke
AttributeError: min_age

During handling of the above exception, another exception occurred:

Traceback (most recent call last):
  File "C:\Users\neeru\OneDrive\Desktop\soulsense\SOUL_SENSE_EXAM\app\main.py", line 154, in <module>
    rows = load_questions()  # [(id, text)]
  File "C:\Users\neeru\OneDrive\Desktop\soulsense\SOUL_SENSE_EXAM\app\questions.py", line 270, in load_questions
    questions = _get_cached_questions_from_db(age)
  File "C:\Users\neeru\OneDrive\Desktop\soulsense\SOUL_SENSE_EXAM\app\questions.py", line 145, in _get_cached_questions_from_db
    raise DatabaseError("Failed to fetch questions from DB.", original_exception=e)
app.exceptions.DatabaseError: Failed to fetch questions from DB.
